============================= test session starts =============================
platform win32 -- Python 3.12.4, pytest-9.0.2, pluggy-1.6.0 -- C:\Users\Jeff\AppData\Local\Programs\Python\Python312\python.exe
cachedir: .pytest_cache
rootdir: C:\Users\Jeff\Documents\Photometry_Code
configfile: pytest.ini
collecting ... collected 1 item

tests/test_full_pipeline_deliverables.py::TestFullPipelineDeliverables::test_phasic_csv_content_independence FAILED [100%]

================================== FAILURES ===================================
______ TestFullPipelineDeliverables.test_phasic_csv_content_independence ______

self = <test_full_pipeline_deliverables.TestFullPipelineDeliverables testMethod=test_phasic_csv_content_independence>

    def test_phasic_csv_content_independence(self):
        """
        RIGOROUS PROOF: Verify that phasic wrapper logic (timing & validation)
        and plot_phasic_time_series_summary.py function correctly even when
        phasic CSV trace contents are absent, proving reliance on phasic_trace_cache.h5.
        """
        import tempfile
        import importlib.util
    
        # 1. SETUP: Create a fresh output directory
        test_run_dir = tempfile.mkdtemp(prefix="phasic_independence_")
        analysis_dir = os.path.join(test_run_dir, "_analysis")
        phasic_analysis_out = os.path.join(analysis_dir, "phasic_out")
    
        # 2. SEED: Copy necessary artifacts from a real run
        source_phasic = os.path.join(self.output_package, "_analysis", "phasic_out")
        if not os.path.exists(source_phasic):
            self.test_pipeline_deliverables()
    
        os.makedirs(phasic_analysis_out, exist_ok=True)
        shutil.copy2(os.path.join(source_phasic, "phasic_trace_cache.h5"), phasic_analysis_out)
        shutil.copy2(os.path.join(source_phasic, "run_report.json"), phasic_analysis_out)
        # Summary plotter needs features.csv
        os.makedirs(os.path.join(phasic_analysis_out, "features"), exist_ok=True)
        shutil.copy2(os.path.join(source_phasic, "features", "features.csv"), os.path.join(phasic_analysis_out, "features"))
    
        # 3. POISON: Create an EMPTY traces directory (no CSVs)
        # Many tools still rely on the PATH existing (globbing), but we won't have CONTENT.
        os.makedirs(os.path.join(phasic_analysis_out, "traces"), exist_ok=True)
    
        # 4. EXECUTE: Run the wrapper in-process
        script_path = os.path.join(PROJECT_ROOT, 'tools', 'run_full_pipeline_deliverables.py')
        spec = importlib.util.spec_from_file_location("runner", script_path)
        runner = importlib.util.module_from_spec(spec)
        spec.loader.exec_module(runner)
    
        test_args = [
            script_path,
            "--input", self.input_dir,
            "--out", test_run_dir,
            "--config", self.config_path,
            "--format", "rwd",
            "--mode", "phasic",
            "--sessions-per-hour", "2",
            "--session-duration-s", "600", # Triggers validation path in summary plotter
            "--overwrite"
        ]
    
        def mock_analysis_side_effect(cmd):
            # Same strategy as tonic test: just inject the minimal artifacts
            if '--out' in cmd:
                out_path = cmd[cmd.index('--out') + 1]
                os.makedirs(out_path, exist_ok=True)
                shutil.copy2(os.path.join(source_phasic, "phasic_trace_cache.h5"), out_path)
                shutil.copy2(os.path.join(source_phasic, "run_report.json"), out_path)
                os.makedirs(os.path.join(out_path, "features"), exist_ok=True)
                shutil.copy2(os.path.join(source_phasic, "features", "features.csv"), os.path.join(out_path, "features"))
                os.makedirs(os.path.join(out_path, "traces"), exist_ok=True)
            return 0
    
        with mock.patch('sys.argv', test_args):
            with mock.patch('subprocess.check_call', side_effect=mock_analysis_side_effect):
                # This will run the timing resolution AND the plots (including summary plotter)
                runner.main()
    
        # 5. VERIFY: Timing-based deliverables were produced
        # The summary plotter outputs should exist
        reg0_tables = os.path.join(test_run_dir, "Region0", "tables")
>       self.assertTrue(os.path.exists(os.path.join(reg0_tables, "phasic_peak_rate_timeseries.csv")),
                        "phasic_peak_rate_timeseries.csv was NOT produced despite cache-backed validation")
E       AssertionError: False is not true : phasic_peak_rate_timeseries.csv was NOT produced despite cache-backed validation

tests\test_full_pipeline_deliverables.py:325: AssertionError
---------------------------- Captured stdout setup ----------------------------
Generating synthetic data (2.0 days)...
Applied Preset: biological_shared_nuisance

  Shared Wobble: Amp=2.0, Tau=60.0

  Gain Drift: Mean=1.0, SD=0.2, Tau=120.0

  Offset Drift: Amp=1.0, Tau=180.0

Generating 96 chunks over 2.0 days...



=== Phase-Locked Event Verification (Mixture Model) ===

Params: alpha=0.7, min_rate_frac=0.15, ct_mode=soft



--- Metric 1: Tonic Up/Down (Unconditional) ---

Region | Up | Down | Ratio | Verdict

Region0 |    487 |    135 |  3.61 | PASS

Region1 |    435 |    161 |  2.70 | PASS



--- Metric 2: Tonic Up/Down (Day Only) ---

Region | Up(Day) | Down(Day) | Ratio | Verdict

Region0 |      479 |         25 | 19.16 | N/A

Region1 |      430 |         38 | 11.32 | N/A



--- Metric 3: CT Day/Night ---

Region | Day | Night | Ratio | Verdict

Region0 |    504 |    118 |  4.27 | N/A

Region1 |    468 |    128 |  3.66 | N/A



--- Rate Sanity Check ---

Region | Actual/Hr | Expected/Hr | Ratio

Region0 |      13.0 |         1.8 |  7.20

Region1 |      12.4 |         1.8 |  6.90



--- Event Count Stats (Per 10min Chunk) ---

Region | Day Mean | Night Mean | Global Mean | Day Target | Night Target

Region0 | Day= 10.5 | Night=  2.5 | Global=  6.5 | PASS

Region1 | Day=  9.8 | Night=  2.7 | Global=  6.2 | PASS



--- Phase Locking Stats (Target: Ratio 1.5-6.0, MinDown >= 1) ---

Region | Up  | Down | Ratio | Verdict

Region0 | 487 |  135 |  3.61 | PASS

Region1 | 435 |  161 |  2.70 | PASS

------------------------------------------------------------

>>> VERIFIED: All Metrics within bounds. Generator Ready.

---------------------------- Captured stdout call -----------------------------
Running pipeline command: C:\Users\Jeff\AppData\Local\Programs\Python\Python312\python.exe tools/run_full_pipeline_deliverables.py --input C:\Users\Jeff\AppData\Local\Temp\out_deliverables_test_7fggpc2b\input_RWD --out C:\Users\Jeff\AppData\Local\Temp\out_deliverables_test_7fggpc2b\package_67721aba --config C:\Users\Jeff\AppData\Local\Temp\out_deliverables_test_7fggpc2b\qc_universal_config.yaml --format rwd --overwrite --sessions-per-hour 2
Using sessions_per_hour=2 (user-provided)

RUN_DIR: C:\Users\Jeff\AppData\Local\Temp\out_deliverables_test_7fggpc2b\package_67721aba

TIMING START phase=validate at 2026-03-12T03:11:48.197799+00:00

TIMING DONE phase=validate elapsed_sec=0.001

TIMING START phase=tonic_analysis at 2026-03-12T03:11:48.200361+00:00

TIMING START cmd=analyze_photometry.py at 2026-03-12T03:11:48.201361+00:00

Running: C:\Users\Jeff\AppData\Local\Programs\Python\Python312\python.exe C:\Users\Jeff\Documents\Photometry_Code\analyze_photometry.py --input C:\Users\Jeff\AppData\Local\Temp\out_deliverables_test_7fggpc2b\input_RWD --out C:\Users\Jeff\AppData\Local\Temp\out_deliverables_test_7fggpc2b\package_67721aba\_analysis\tonic_out --config C:\Users\Jeff\AppData\Local\Temp\out_deliverables_test_7fggpc2b\qc_universal_config.yaml --mode tonic --format rwd --recursive --overwrite --sessions-per-hour 2 --events-path C:\Users\Jeff\AppData\Local\Temp\out_deliverables_test_7fggpc2b\package_67721aba\events.ndjson

Found 96 files.

Starting Pass 1: Baseline Computation...

Pass 1 (Reservoir)...

Pass 1 Complete. F0: {'Region0': 239.98682556152343, 'Region1': 233.18052825927734}

Pass 1c (Tonic Global Fit accumulation)...

  Tonic Fit (Region0): slope=1.7645, int=-175.8668 (N=200000)

  Tonic Fit (Region1): slope=1.7418, int=-165.2699 (N=200000)

Pass 2 (Analysis)...

Tonic iso-fit source: global robust fit (entire recording). Dynamic uv_fit ignored.

HDF5 Cache Producer: Saved C:\Users\Jeff\AppData\Local\Temp\out_deliverables_test_7fggpc2b\package_67721aba\_analysis\tonic_out\tonic_trace_cache.h5

Pipeline Done.

TIMING DONE cmd=analyze_photometry.py elapsed_sec=14.770

TIMING DONE phase=tonic_analysis elapsed_sec=14.772

TIMING START phase=phasic_analysis at 2026-03-12T03:12:02.973193+00:00

TIMING START cmd=analyze_photometry.py at 2026-03-12T03:12:02.974699+00:00

Running: C:\Users\Jeff\AppData\Local\Programs\Python\Python312\python.exe C:\Users\Jeff\Documents\Photometry_Code\analyze_photometry.py --input C:\Users\Jeff\AppData\Local\Temp\out_deliverables_test_7fggpc2b\input_RWD --out C:\Users\Jeff\AppData\Local\Temp\out_deliverables_test_7fggpc2b\package_67721aba\_analysis\phasic_out --config C:\Users\Jeff\AppData\Local\Temp\out_deliverables_test_7fggpc2b\qc_universal_config.yaml --mode phasic --format rwd --recursive --overwrite --sessions-per-hour 2 --events-path C:\Users\Jeff\AppData\Local\Temp\out_deliverables_test_7fggpc2b\package_67721aba\events.ndjson

Found 96 files.

Starting Pass 1: Baseline Computation...

Pass 1 (Reservoir)...

Pass 1 Complete. F0: {'Region0': 239.98682556152343, 'Region1': 233.18052825927734}

Pass 2 (Analysis)...

HDF5 Cache Producer: Saved C:\Users\Jeff\AppData\Local\Temp\out_deliverables_test_7fggpc2b\package_67721aba\_analysis\phasic_out\phasic_trace_cache.h5

Pipeline Done.

TIMING DONE cmd=analyze_photometry.py elapsed_sec=71.882

TIMING DONE phase=phasic_analysis elapsed_sec=71.883

TIMING START phase=session_compute at 2026-03-12T03:13:14.858063+00:00

Auto-selected ROI: Region0

Deterministic Sessions Per Hour: 2 (Stride=1800.0s, Dur=600.0s)

TIMING DONE phase=session_compute elapsed_sec=0.014

TIMING START phase=plots_total at 2026-03-12T03:13:14.873102+00:00

TIMING START roi=Region0 at 2026-03-12T03:13:14.887692+00:00

Processing ROI: Region0

TIMING START cmd=plot_phasic_correction_impact.py roi=Region0 at 2026-03-12T03:13:14.890714+00:00

Running: C:\Users\Jeff\AppData\Local\Programs\Python\Python312\python.exe tools/plot_phasic_correction_impact.py --analysis-out C:\Users\Jeff\AppData\Local\Temp\out_deliverables_test_7fggpc2b\package_67721aba\_analysis\phasic_out --roi Region0 --chunk-id 24 --out C:\Users\Jeff\AppData\Local\Temp\out_deliverables_test_7fggpc2b\package_67721aba\Region0\summary\phasic_correction_impact.png

Saved C:\Users\Jeff\AppData\Local\Temp\out_deliverables_test_7fggpc2b\package_67721aba\Region0\summary\phasic_correction_impact.png

TIMING DONE cmd=plot_phasic_correction_impact.py roi=Region0 elapsed_sec=1.555

TIMING START cmd=plot_tonic_48h.py roi=Region0 at 2026-03-12T03:13:16.597950+00:00

Running: C:\Users\Jeff\AppData\Local\Programs\Python\Python312\python.exe tools/plot_tonic_48h.py --analysis-out C:\Users\Jeff\AppData\Local\Temp\out_deliverables_test_7fggpc2b\package_67721aba\_analysis\tonic_out --roi Region0 --out C:\Users\Jeff\AppData\Local\Temp\out_deliverables_test_7fggpc2b\package_67721aba\Region0\summary\tonic_overview.png

PLOT_TIMING START script=plot_tonic_48h.py

PLOT_TIMING STEP script=plot_tonic_48h.py step=discovery elapsed_sec=0.009

PLOT_TIMING STEP script=plot_tonic_48h.py step=cache_read elapsed_sec=0.454

PLOT_TIMING STEP script=plot_tonic_48h.py step=assembly elapsed_sec=0.459

PLOT_TIMING STEP script=plot_tonic_48h.py step=plotting elapsed_sec=0.651

PLOT_TIMING STEP script=plot_tonic_48h.py step=figure_save elapsed_sec=0.961

Saved C:\Users\Jeff\AppData\Local\Temp\out_deliverables_test_7fggpc2b\package_67721aba\Region0\summary\tonic_overview.png

PLOT_TIMING DONE script=plot_tonic_48h.py total_sec=0.962

TIMING DONE cmd=plot_tonic_48h.py roi=Region0 elapsed_sec=1.622

TIMING START cmd=plot_phasic_time_series_summary.py roi=Region0 at 2026-03-12T03:13:22.959476+00:00

Running: C:\Users\Jeff\AppData\Local\Programs\Python\Python312\python.exe tools/plot_phasic_time_series_summary.py --analysis-out C:\Users\Jeff\AppData\Local\Temp\out_deliverables_test_7fggpc2b\package_67721aba\_analysis\phasic_out --roi Region0 --sessions-per-hour 2 --session-duration-s 599.98 --out-rate-png C:\Users\Jeff\AppData\Local\Temp\out_deliverables_test_7fggpc2b\package_67721aba\Region0\summary\phasic_peak_rate_timeseries.png --out-auc-png C:\Users\Jeff\AppData\Local\Temp\out_deliverables_test_7fggpc2b\package_67721aba\Region0\summary\phasic_auc_timeseries.png --out-rate-csv C:\Users\Jeff\AppData\Local\Temp\out_deliverables_test_7fggpc2b\package_67721aba\Region0\tables\phasic_peak_rate_timeseries.csv --out-auc-csv C:\Users\Jeff\AppData\Local\Temp\out_deliverables_test_7fggpc2b\package_67721aba\Region0\tables\phasic_auc_timeseries.csv

Selected ROI: Region0

Time axis mode: Chunk ID fallback (rate=2/hr)

Number of sessions: 96

Saved: C:\Users\Jeff\AppData\Local\Temp\out_deliverables_test_7fggpc2b\package_67721aba\Region0\summary\phasic_peak_rate_timeseries.png

Saved: C:\Users\Jeff\AppData\Local\Temp\out_deliverables_test_7fggpc2b\package_67721aba\Region0\summary\phasic_auc_timeseries.png

Saved: C:\Users\Jeff\AppData\Local\Temp\out_deliverables_test_7fggpc2b\package_67721aba\Region0\tables\phasic_peak_rate_timeseries.csv

Saved: C:\Users\Jeff\AppData\Local\Temp\out_deliverables_test_7fggpc2b\package_67721aba\Region0\tables\phasic_auc_timeseries.csv

TIMING DONE cmd=plot_phasic_time_series_summary.py roi=Region0 elapsed_sec=1.424

TIMING START cmd=plot_phasic_dayplot_bundle.py roi=Region0 at 2026-03-12T03:13:24.382701+00:00

Running: C:\Users\Jeff\AppData\Local\Programs\Python\Python312\python.exe tools/plot_phasic_dayplot_bundle.py --analysis-out C:\Users\Jeff\AppData\Local\Temp\out_deliverables_test_7fggpc2b\package_67721aba\_analysis\phasic_out --roi Region0 --output-dir C:\Users\Jeff\AppData\Local\Temp\out_deliverables_test_7fggpc2b\package_67721aba\Region0\day_plots --sessions-per-hour 2 --session-duration-s 599.98 --smooth-window-s 1.0

PLOT_TIMING START script=plot_phasic_dayplot_bundle.py

Plots using ROI: Region0

PLOT_TIMING STEP script=plot_phasic_dayplot_bundle.py step=discovery elapsed_sec=0.014

PLOT_TIMING STEP script=plot_phasic_dayplot_bundle.py step=cache_read elapsed_sec=0.445

PLOT_TIMING STEP script=plot_phasic_dayplot_bundle.py step=verification elapsed_sec=0.752

PLOT_TIMING STEP script=plot_phasic_dayplot_bundle.py step=cache_build elapsed_sec=0.769

PLOT_TIMING STEP script=plot_phasic_dayplot_bundle.py step=global_limits elapsed_sec=0.811

PLOT_TIMING STEP script=plot_phasic_dayplot_bundle.py step=plotting family=dff day=0 elapsed_sec=3.804

PLOT_TIMING STEP script=plot_phasic_dayplot_bundle.py step=figure_save family=dff day=0 elapsed_sec=6.401

PLOT_TIMING STEP script=plot_phasic_dayplot_bundle.py step=plotting family=dff day=1 elapsed_sec=9.271

PLOT_TIMING STEP script=plot_phasic_dayplot_bundle.py step=figure_save family=dff day=1 elapsed_sec=11.843

PLOT_TIMING STEP script=plot_phasic_dayplot_bundle.py step=plotting family=sig_iso day=0 elapsed_sec=14.362

PLOT_TIMING STEP script=plot_phasic_dayplot_bundle.py step=figure_save family=sig_iso day=0 elapsed_sec=16.712

PLOT_TIMING STEP script=plot_phasic_dayplot_bundle.py step=plotting family=sig_iso day=1 elapsed_sec=18.870

PLOT_TIMING STEP script=plot_phasic_dayplot_bundle.py step=figure_save family=sig_iso day=1 elapsed_sec=21.434

PLOT_TIMING STEP script=plot_phasic_dayplot_bundle.py step=plotting family=stacked day=0 elapsed_sec=21.549

PLOT_TIMING STEP script=plot_phasic_dayplot_bundle.py step=figure_save family=stacked day=0 elapsed_sec=21.854

PLOT_TIMING STEP script=plot_phasic_dayplot_bundle.py step=plotting family=stacked day=1 elapsed_sec=21.931

PLOT_TIMING STEP script=plot_phasic_dayplot_bundle.py step=figure_save family=stacked day=1 elapsed_sec=22.228

PLOT_TIMING DONE script=plot_phasic_dayplot_bundle.py total_sec=22.228

TIMING DONE cmd=plot_phasic_dayplot_bundle.py roi=Region0 elapsed_sec=24.262

TIMING DONE roi=Region0 elapsed_sec=33.759

TIMING START roi=Region1 at 2026-03-12T03:13:48.647248+00:00

Processing ROI: Region1

TIMING START cmd=plot_phasic_correction_impact.py roi=Region1 at 2026-03-12T03:13:48.649355+00:00

Running: C:\Users\Jeff\AppData\Local\Programs\Python\Python312\python.exe tools/plot_phasic_correction_impact.py --analysis-out C:\Users\Jeff\AppData\Local\Temp\out_deliverables_test_7fggpc2b\package_67721aba\_analysis\phasic_out --roi Region1 --chunk-id 24 --out C:\Users\Jeff\AppData\Local\Temp\out_deliverables_test_7fggpc2b\package_67721aba\Region1\summary\phasic_correction_impact.png

Saved C:\Users\Jeff\AppData\Local\Temp\out_deliverables_test_7fggpc2b\package_67721aba\Region1\summary\phasic_correction_impact.png

TIMING DONE cmd=plot_phasic_correction_impact.py roi=Region1 elapsed_sec=1.599

TIMING START cmd=plot_tonic_48h.py roi=Region1 at 2026-03-12T03:13:50.388705+00:00

Running: C:\Users\Jeff\AppData\Local\Programs\Python\Python312\python.exe tools/plot_tonic_48h.py --analysis-out C:\Users\Jeff\AppData\Local\Temp\out_deliverables_test_7fggpc2b\package_67721aba\_analysis\tonic_out --roi Region1 --out C:\Users\Jeff\AppData\Local\Temp\out_deliverables_test_7fggpc2b\package_67721aba\Region1\summary\tonic_overview.png

PLOT_TIMING START script=plot_tonic_48h.py

PLOT_TIMING STEP script=plot_tonic_48h.py step=discovery elapsed_sec=0.002

PLOT_TIMING STEP script=plot_tonic_48h.py step=cache_read elapsed_sec=0.445

PLOT_TIMING STEP script=plot_tonic_48h.py step=assembly elapsed_sec=0.449

PLOT_TIMING STEP script=plot_tonic_48h.py step=plotting elapsed_sec=0.641

PLOT_TIMING STEP script=plot_tonic_48h.py step=figure_save elapsed_sec=0.923

Saved C:\Users\Jeff\AppData\Local\Temp\out_deliverables_test_7fggpc2b\package_67721aba\Region1\summary\tonic_overview.png

PLOT_TIMING DONE script=plot_tonic_48h.py total_sec=0.924

TIMING DONE cmd=plot_tonic_48h.py roi=Region1 elapsed_sec=1.568

TIMING START cmd=plot_phasic_time_series_summary.py roi=Region1 at 2026-03-12T03:13:56.616980+00:00

Running: C:\Users\Jeff\AppData\Local\Programs\Python\Python312\python.exe tools/plot_phasic_time_series_summary.py --analysis-out C:\Users\Jeff\AppData\Local\Temp\out_deliverables_test_7fggpc2b\package_67721aba\_analysis\phasic_out --roi Region1 --sessions-per-hour 2 --session-duration-s 599.98 --out-rate-png C:\Users\Jeff\AppData\Local\Temp\out_deliverables_test_7fggpc2b\package_67721aba\Region1\summary\phasic_peak_rate_timeseries.png --out-auc-png C:\Users\Jeff\AppData\Local\Temp\out_deliverables_test_7fggpc2b\package_67721aba\Region1\summary\phasic_auc_timeseries.png --out-rate-csv C:\Users\Jeff\AppData\Local\Temp\out_deliverables_test_7fggpc2b\package_67721aba\Region1\tables\phasic_peak_rate_timeseries.csv --out-auc-csv C:\Users\Jeff\AppData\Local\Temp\out_deliverables_test_7fggpc2b\package_67721aba\Region1\tables\phasic_auc_timeseries.csv

Selected ROI: Region1

Time axis mode: Chunk ID fallback (rate=2/hr)

Number of sessions: 96

Saved: C:\Users\Jeff\AppData\Local\Temp\out_deliverables_test_7fggpc2b\package_67721aba\Region1\summary\phasic_peak_rate_timeseries.png

Saved: C:\Users\Jeff\AppData\Local\Temp\out_deliverables_test_7fggpc2b\package_67721aba\Region1\summary\phasic_auc_timeseries.png

Saved: C:\Users\Jeff\AppData\Local\Temp\out_deliverables_test_7fggpc2b\package_67721aba\Region1\tables\phasic_peak_rate_timeseries.csv

Saved: C:\Users\Jeff\AppData\Local\Temp\out_deliverables_test_7fggpc2b\package_67721aba\Region1\tables\phasic_auc_timeseries.csv

TIMING DONE cmd=plot_phasic_time_series_summary.py roi=Region1 elapsed_sec=1.385

TIMING START cmd=plot_phasic_dayplot_bundle.py roi=Region1 at 2026-03-12T03:13:58.002178+00:00

Running: C:\Users\Jeff\AppData\Local\Programs\Python\Python312\python.exe tools/plot_phasic_dayplot_bundle.py --analysis-out C:\Users\Jeff\AppData\Local\Temp\out_deliverables_test_7fggpc2b\package_67721aba\_analysis\phasic_out --roi Region1 --output-dir C:\Users\Jeff\AppData\Local\Temp\out_deliverables_test_7fggpc2b\package_67721aba\Region1\day_plots --sessions-per-hour 2 --session-duration-s 599.98 --smooth-window-s 1.0

PLOT_TIMING START script=plot_phasic_dayplot_bundle.py

Plots using ROI: Region1

PLOT_TIMING STEP script=plot_phasic_dayplot_bundle.py step=discovery elapsed_sec=0.013

PLOT_TIMING STEP script=plot_phasic_dayplot_bundle.py step=cache_read elapsed_sec=0.436

PLOT_TIMING STEP script=plot_phasic_dayplot_bundle.py step=verification elapsed_sec=0.759

PLOT_TIMING STEP script=plot_phasic_dayplot_bundle.py step=cache_build elapsed_sec=0.777

PLOT_TIMING STEP script=plot_phasic_dayplot_bundle.py step=global_limits elapsed_sec=0.810

PLOT_TIMING STEP script=plot_phasic_dayplot_bundle.py step=plotting family=dff day=0 elapsed_sec=3.731

PLOT_TIMING STEP script=plot_phasic_dayplot_bundle.py step=figure_save family=dff day=0 elapsed_sec=6.325

PLOT_TIMING STEP script=plot_phasic_dayplot_bundle.py step=plotting family=dff day=1 elapsed_sec=9.027

PLOT_TIMING STEP script=plot_phasic_dayplot_bundle.py step=figure_save family=dff day=1 elapsed_sec=11.508

PLOT_TIMING STEP script=plot_phasic_dayplot_bundle.py step=plotting family=sig_iso day=0 elapsed_sec=13.945

PLOT_TIMING STEP script=plot_phasic_dayplot_bundle.py step=figure_save family=sig_iso day=0 elapsed_sec=16.239

PLOT_TIMING STEP script=plot_phasic_dayplot_bundle.py step=plotting family=sig_iso day=1 elapsed_sec=18.349

PLOT_TIMING STEP script=plot_phasic_dayplot_bundle.py step=figure_save family=sig_iso day=1 elapsed_sec=20.654

PLOT_TIMING STEP script=plot_phasic_dayplot_bundle.py step=plotting family=stacked day=0 elapsed_sec=20.991

PLOT_TIMING STEP script=plot_phasic_dayplot_bundle.py step=figure_save family=stacked day=0 elapsed_sec=21.276

PLOT_TIMING STEP script=plot_phasic_dayplot_bundle.py step=plotting family=stacked day=1 elapsed_sec=21.348

PLOT_TIMING STEP script=plot_phasic_dayplot_bundle.py step=figure_save family=stacked day=1 elapsed_sec=21.651

PLOT_TIMING DONE script=plot_phasic_dayplot_bundle.py total_sec=21.651

TIMING DONE cmd=plot_phasic_dayplot_bundle.py roi=Region1 elapsed_sec=23.633

TIMING DONE roi=Region1 elapsed_sec=32.989

TIMING DONE phase=plots_total elapsed_sec=66.763

TIMING START phase=manifest_write at 2026-03-12T03:14:21.636989+00:00

TIMING DONE phase=manifest_write elapsed_sec=0.001

TIMING START phase=finalize_artifacts at 2026-03-12T03:14:21.638988+00:00

TIMING DONE phase=finalize_artifacts elapsed_sec=0.005

Using sessions_per_hour=2 (user-provided)
RUN_DIR: C:\Users\Jeff\AppData\Local\Temp\phasic_independence_sagjgqyr
overwrite: in-place cleanup of generated outputs
TIMING START phase=validate at 2026-03-12T03:14:22.555358+00:00
TIMING DONE phase=validate elapsed_sec=0.013
TIMING START phase=phasic_analysis at 2026-03-12T03:14:22.570214+00:00
TIMING START cmd=analyze_photometry.py at 2026-03-12T03:14:22.571457+00:00
Running: C:\Users\Jeff\AppData\Local\Programs\Python\Python312\python.exe C:\Users\Jeff\Documents\Photometry_Code\analyze_photometry.py --input C:\Users\Jeff\AppData\Local\Temp\out_deliverables_test_7fggpc2b\input_RWD --out C:\Users\Jeff\AppData\Local\Temp\phasic_independence_sagjgqyr\_analysis\phasic_out --config C:\Users\Jeff\AppData\Local\Temp\out_deliverables_test_7fggpc2b\qc_universal_config.yaml --mode phasic --format rwd --recursive --overwrite --sessions-per-hour 2 --events-path C:\Users\Jeff\AppData\Local\Temp\phasic_independence_sagjgqyr\events.ndjson
TIMING DONE cmd=analyze_photometry.py elapsed_sec=0.036
TIMING DONE phase=phasic_analysis elapsed_sec=0.038
TIMING START phase=session_compute at 2026-03-12T03:14:22.608249+00:00
Auto-selected ROI: Region0
Deterministic Sessions Per Hour: 2 (Stride=1800.0s, Dur=600.0s)
TIMING DONE phase=session_compute elapsed_sec=0.010
TIMING START phase=plots_total at 2026-03-12T03:14:22.618782+00:00
TIMING START roi=Region0 at 2026-03-12T03:14:22.631311+00:00
Processing ROI: Region0
TIMING START cmd=plot_phasic_correction_impact.py roi=Region0 at 2026-03-12T03:14:22.635454+00:00
Running: C:\Users\Jeff\AppData\Local\Programs\Python\Python312\python.exe tools/plot_phasic_correction_impact.py --analysis-out C:\Users\Jeff\AppData\Local\Temp\phasic_independence_sagjgqyr\_analysis\phasic_out --roi Region0 --chunk-id 24 --out C:\Users\Jeff\AppData\Local\Temp\phasic_independence_sagjgqyr\Region0\summary\phasic_correction_impact.png
TIMING DONE cmd=plot_phasic_correction_impact.py roi=Region0 elapsed_sec=0.044
TIMING START cmd=plot_tonic_48h.py roi=Region0 at 2026-03-12T03:14:22.680105+00:00
Running: C:\Users\Jeff\AppData\Local\Programs\Python\Python312\python.exe tools/plot_tonic_48h.py --analysis-out C:\Users\Jeff\AppData\Local\Temp\phasic_independence_sagjgqyr\_analysis\tonic_out --roi Region0 --out C:\Users\Jeff\AppData\Local\Temp\phasic_independence_sagjgqyr\Region0\summary\tonic_overview.png
TIMING DONE cmd=plot_tonic_48h.py roi=Region0 elapsed_sec=0.039
TIMING START cmd=plot_phasic_time_series_summary.py roi=Region0 at 2026-03-12T03:14:22.718358+00:00
Running: C:\Users\Jeff\AppData\Local\Programs\Python\Python312\python.exe tools/plot_phasic_time_series_summary.py --analysis-out C:\Users\Jeff\AppData\Local\Temp\phasic_independence_sagjgqyr\_analysis\phasic_out --roi Region0 --sessions-per-hour 2 --session-duration-s 600.0 --out-rate-png C:\Users\Jeff\AppData\Local\Temp\phasic_independence_sagjgqyr\Region0\summary\phasic_peak_rate_timeseries.png --out-auc-png C:\Users\Jeff\AppData\Local\Temp\phasic_independence_sagjgqyr\Region0\summary\phasic_auc_timeseries.png --out-rate-csv C:\Users\Jeff\AppData\Local\Temp\phasic_independence_sagjgqyr\Region0\tables\phasic_peak_rate_timeseries.csv --out-auc-csv C:\Users\Jeff\AppData\Local\Temp\phasic_independence_sagjgqyr\Region0\tables\phasic_auc_timeseries.csv
TIMING DONE cmd=plot_phasic_time_series_summary.py roi=Region0 elapsed_sec=0.000
TIMING START cmd=plot_phasic_dayplot_bundle.py roi=Region0 at 2026-03-12T03:14:22.719354+00:00
Running: C:\Users\Jeff\AppData\Local\Programs\Python\Python312\python.exe tools/plot_phasic_dayplot_bundle.py --analysis-out C:\Users\Jeff\AppData\Local\Temp\phasic_independence_sagjgqyr\_analysis\phasic_out --roi Region0 --output-dir C:\Users\Jeff\AppData\Local\Temp\phasic_independence_sagjgqyr\Region0\day_plots --sessions-per-hour 2 --session-duration-s 600.0 --smooth-window-s 1.0
TIMING DONE cmd=plot_phasic_dayplot_bundle.py roi=Region0 elapsed_sec=0.000
TIMING DONE roi=Region0 elapsed_sec=0.089
TIMING START roi=Region1 at 2026-03-12T03:14:22.719354+00:00
Processing ROI: Region1
TIMING START cmd=plot_phasic_correction_impact.py roi=Region1 at 2026-03-12T03:14:22.721863+00:00
Running: C:\Users\Jeff\AppData\Local\Programs\Python\Python312\python.exe tools/plot_phasic_correction_impact.py --analysis-out C:\Users\Jeff\AppData\Local\Temp\phasic_independence_sagjgqyr\_analysis\phasic_out --roi Region1 --chunk-id 24 --out C:\Users\Jeff\AppData\Local\Temp\phasic_independence_sagjgqyr\Region1\summary\phasic_correction_impact.png
TIMING DONE cmd=plot_phasic_correction_impact.py roi=Region1 elapsed_sec=0.067
TIMING START cmd=plot_tonic_48h.py roi=Region1 at 2026-03-12T03:14:22.789396+00:00
Running: C:\Users\Jeff\AppData\Local\Programs\Python\Python312\python.exe tools/plot_tonic_48h.py --analysis-out C:\Users\Jeff\AppData\Local\Temp\phasic_independence_sagjgqyr\_analysis\tonic_out --roi Region1 --out C:\Users\Jeff\AppData\Local\Temp\phasic_independence_sagjgqyr\Region1\summary\tonic_overview.png
TIMING DONE cmd=plot_tonic_48h.py roi=Region1 elapsed_sec=0.050
TIMING START cmd=plot_phasic_time_series_summary.py roi=Region1 at 2026-03-12T03:14:22.839002+00:00
Running: C:\Users\Jeff\AppData\Local\Programs\Python\Python312\python.exe tools/plot_phasic_time_series_summary.py --analysis-out C:\Users\Jeff\AppData\Local\Temp\phasic_independence_sagjgqyr\_analysis\phasic_out --roi Region1 --sessions-per-hour 2 --session-duration-s 600.0 --out-rate-png C:\Users\Jeff\AppData\Local\Temp\phasic_independence_sagjgqyr\Region1\summary\phasic_peak_rate_timeseries.png --out-auc-png C:\Users\Jeff\AppData\Local\Temp\phasic_independence_sagjgqyr\Region1\summary\phasic_auc_timeseries.png --out-rate-csv C:\Users\Jeff\AppData\Local\Temp\phasic_independence_sagjgqyr\Region1\tables\phasic_peak_rate_timeseries.csv --out-auc-csv C:\Users\Jeff\AppData\Local\Temp\phasic_independence_sagjgqyr\Region1\tables\phasic_auc_timeseries.csv
TIMING DONE cmd=plot_phasic_time_series_summary.py roi=Region1 elapsed_sec=0.000
TIMING START cmd=plot_phasic_dayplot_bundle.py roi=Region1 at 2026-03-12T03:14:22.840008+00:00
Running: C:\Users\Jeff\AppData\Local\Programs\Python\Python312\python.exe tools/plot_phasic_dayplot_bundle.py --analysis-out C:\Users\Jeff\AppData\Local\Temp\phasic_independence_sagjgqyr\_analysis\phasic_out --roi Region1 --output-dir C:\Users\Jeff\AppData\Local\Temp\phasic_independence_sagjgqyr\Region1\day_plots --sessions-per-hour 2 --session-duration-s 600.0 --smooth-window-s 1.0
TIMING DONE cmd=plot_phasic_dayplot_bundle.py roi=Region1 elapsed_sec=0.000
TIMING DONE roi=Region1 elapsed_sec=0.121
TIMING DONE phase=plots_total elapsed_sec=0.220
TIMING START phase=manifest_write at 2026-03-12T03:14:22.841008+00:00
TIMING DONE phase=manifest_write elapsed_sec=0.002
TIMING START phase=finalize_artifacts at 2026-03-12T03:14:22.844523+00:00
TIMING DONE phase=finalize_artifacts elapsed_sec=0.003
---------------------------- Captured stderr call -----------------------------
2026-03-11 22:11:49,374 - WARNING - natural_sort_key: No integer found in 'fluorescence'. Falling back to lexicographical sort. (This warning is printed once)

2026-03-11 22:12:04,161 - WARNING - natural_sort_key: No integer found in 'fluorescence'. Falling back to lexicographical sort. (This warning is printed once)

=========================== short test summary info ===========================
FAILED tests/test_full_pipeline_deliverables.py::TestFullPipelineDeliverables::test_phasic_csv_content_independence
======================== 1 failed in 169.92s (0:02:49) ========================
